check_db.ts(3,20): error TS2307: Cannot find module 'dotenv' or its corresponding type declarations.
components/Sidebar.tsx(23,25): error TS2304: Cannot find name 'SidebarProps'.
pages/ImportDatabase.tsx(175,29): error TS2769: No overload matches this call.
  Overload 1 of 2, '(values: never, options?: { onConflict?: string; ignoreDuplicates?: boolean; count?: "exact" | "planned" | "estimated"; }): PostgrestFilterBuilder<{ PostgrestVersion: "12"; }, never, never, null, "partidas", never, "POST">', gave the following error.
    Argument of type '{ codigo: string; descripcion: string; categoria: string; unidad: string; precio_unitario: number; user_id: string; }[]' is not assignable to parameter of type 'never'.
  Overload 2 of 2, '(values: never[], options?: { onConflict?: string; ignoreDuplicates?: boolean; count?: "exact" | "planned" | "estimated"; defaultToNull?: boolean; }): PostgrestFilterBuilder<{ PostgrestVersion: "12"; }, never, ... 4 more ..., "POST">', gave the following error.
    Argument of type '{ codigo: string; descripcion: string; categoria: string; unidad: string; precio_unitario: number; user_id: string; }[]' is not assignable to parameter of type 'never[]'.
      Type '{ codigo: string; descripcion: string; categoria: string; unidad: string; precio_unitario: number; user_id: string; }' is not assignable to type 'never'.
scripts/manage-users.ts(6,26): error TS2307: Cannot find module './utils/supabase' or its corresponding type declarations.
supabase/functions/admin-user-manager/index.ts(5,23): error TS2307: Cannot find module 'https://deno.land/std@0.168.0/http/server.ts' or its corresponding type declarations.
supabase/functions/admin-user-manager/index.ts(6,30): error TS2307: Cannot find module 'https://esm.sh/@supabase/supabase-js@2' or its corresponding type declarations.
supabase/functions/admin-user-manager/index.ts(20,29): error TS2304: Cannot find name 'Deno'.
supabase/functions/admin-user-manager/index.ts(21,32): error TS2304: Cannot find name 'Deno'.
supabase/functions/admin-user-manager/index.ts(22,25): error TS2304: Cannot find name 'Deno'.
supabase/functions/create-users/index.ts(5,23): error TS2307: Cannot find module 'https://deno.land/std@0.168.0/http/server.ts' or its corresponding type declarations.
supabase/functions/create-users/index.ts(6,30): error TS2307: Cannot find module 'https://esm.sh/@supabase/supabase-js@2' or its corresponding type declarations.
supabase/functions/create-users/index.ts(23,13): error TS2304: Cannot find name 'Deno'.
supabase/functions/create-users/index.ts(24,13): error TS2304: Cannot find name 'Deno'.
supabase/functions/create-users/index.ts(36,13): error TS2304: Cannot find name 'Deno'.
supabase/functions/create-users/index.ts(37,13): error TS2304: Cannot find name 'Deno'.
supabase/functions/update-user-email/index.ts(5,23): error TS2307: Cannot find module 'https://deno.land/std@0.168.0/http/server.ts' or its corresponding type declarations.
supabase/functions/update-user-email/index.ts(6,30): error TS2307: Cannot find module 'https://esm.sh/@supabase/supabase-js@2' or its corresponding type declarations.
supabase/functions/update-user-email/index.ts(20,13): error TS2304: Cannot find name 'Deno'.
supabase/functions/update-user-email/index.ts(21,13): error TS2304: Cannot find name 'Deno'.
supabase/functions/update-user-email/index.ts(33,13): error TS2304: Cannot find name 'Deno'.
supabase/functions/update-user-email/index.ts(34,13): error TS2304: Cannot find name 'Deno'.
utils/learningEngine.ts(61,25): error TS2339: Property 'word' does not exist on type 'never'.
utils/learningEngine.ts(61,37): error TS2339: Property 'weight' does not exist on type 'never'.
utils/learningEngine.ts(86,31): error TS2339: Property 'word' does not exist on type 'never'.
utils/learningEngine.ts(87,30): error TS2339: Property 'word' does not exist on type 'never'.
utils/learningEngine.ts(89,26): error TS2339: Property 'word' does not exist on type 'never'.
utils/learningEngine.ts(89,41): error TS2339: Property 'synonym' does not exist on type 'never'.
utils/learningEngine.ts(117,53): error TS2769: No overload matches this call.
  Overload 1 of 2, '(values: never, options?: { count?: "exact" | "planned" | "estimated"; }): PostgrestFilterBuilder<{ PostgrestVersion: "12"; }, never, never, null, "confirmation_history", never, "POST">', gave the following error.
    Argument of type '{ user_id: string; cliente_desc: string; partida_desc: string; partida_id: string; }' is not assignable to parameter of type 'never'.
  Overload 2 of 2, '(values: never[], options?: { count?: "exact" | "planned" | "estimated"; defaultToNull?: boolean; }): PostgrestFilterBuilder<{ PostgrestVersion: "12"; }, never, never, null, "confirmation_history", never, "POST">', gave the following error.
    Object literal may only specify known properties, and 'user_id' does not exist in type 'never[]'.
utils/learningEngine.ts(134,58): error TS2339: Property 'weight' does not exist on type 'never'.
utils/learningEngine.ts(137,29): error TS2345: Argument of type '{ weight: number; frequency: any; updated_at: string; }' is not assignable to parameter of type 'never'.
utils/learningEngine.ts(139,45): error TS2339: Property 'frequency' does not exist on type 'never'.
utils/learningEngine.ts(145,53): error TS2769: No overload matches this call.
  Overload 1 of 2, '(values: never, options?: { count?: "exact" | "planned" | "estimated"; }): PostgrestFilterBuilder<{ PostgrestVersion: "12"; }, never, never, null, "word_weights", never, "POST">', gave the following error.
    Argument of type '{ word: string; weight: number; frequency: number; }' is not assignable to parameter of type 'never'.
  Overload 2 of 2, '(values: never[], options?: { count?: "exact" | "planned" | "estimated"; defaultToNull?: boolean; }): PostgrestFilterBuilder<{ PostgrestVersion: "12"; }, never, never, null, "word_weights", never, "POST">', gave the following error.
    Object literal may only specify known properties, and 'word' does not exist in type 'never[]'.
utils/learningEngine.ts(198,25): error TS2345: Argument of type '{ confidence: number; }' is not assignable to parameter of type 'never'.
utils/learningEngine.ts(198,62): error TS2339: Property 'confidence' does not exist on type 'never'.
utils/learningEngine.ts(203,45): error TS2769: No overload matches this call.
  Overload 1 of 2, '(values: never, options?: { count?: "exact" | "planned" | "estimated"; }): PostgrestFilterBuilder<{ PostgrestVersion: "12"; }, never, never, null, "synonyms", never, "POST">', gave the following error.
    Argument of type '{ word: string; synonym: string; confidence: number; }' is not assignable to parameter of type 'never'.
  Overload 2 of 2, '(values: never[], options?: { count?: "exact" | "planned" | "estimated"; defaultToNull?: boolean; }): PostgrestFilterBuilder<{ PostgrestVersion: "12"; }, never, never, null, "synonyms", never, "POST">', gave the following error.
    Object literal may only specify known properties, and 'word' does not exist in type 'never[]'.
utils/supabase.ts(4,33): error TS2339: Property 'env' does not exist on type 'ImportMeta'.
utils/supabase.ts(5,37): error TS2339: Property 'env' does not exist on type 'ImportMeta'.
